// Jest Snapshot v1, https://goo.gl/fbAQLP

exports[`Searchbar component render Snapshot test 1`] = `
<View
  style={
    Object {
      "alignItems": "center",
      "flexDirection": "row",
      "justifyContent": "flex-start",
      "margin": 10,
      "width": "80%",
    }
  }
>
  <View
    style={
      Object {
        "alignItems": "center",
        "backgroundColor": "#d9dbda",
        "borderRadius": 15,
        "flexDirection": "row",
        "padding": 10,
        "width": "95%",
      }
    }
  >
    <Text
      allowFontScaling={false}
      selectable={false}
      style={
        Array [
          Object {
            "color": "black",
            "fontSize": 20,
          },
          Object {
            "marginLeft": 1,
          },
          Object {
            "fontFamily": "Ionicons",
            "fontStyle": "normal",
            "fontWeight": "normal",
          },
          Object {},
        ]
      }
    >
      ï”…
    </Text>
    <TextInput
      clearButtonMode="while-editing"
      onChangeText={[MockFunction]}
      placeholder="Artist, music ..."
      style={
        Object {
          "fontSize": 20,
          "marginLeft": 10,
          "width": "90%",
        }
      }
    />
  </View>
</View>
`;
